// Jest Snapshot v1, https://goo.gl/fbAQLP

exports[`ViewAfterList should pass props 1`] = `
<View
  style={
    Object {
      "flex": 1,
    }
  }
/>
`;
